# serializer version: 1
# name: TestGoogleWebLogin.test_oauth_error
  dict({
    'code': 'api.unauthorized',
    'errors': dict({
      'oauth_error': '',
    }),
    'message': 'OAuth error',
    'success': False,
  })
# ---
# name: TestGoogleWebLogin.test_oauth_parsing_error
  dict({
    'code': 'api.unauthorized',
    'errors': dict({
      'oauth_error': '',
    }),
    'message': 'OAuth error',
    'success': False,
  })
# ---
