# serializer version: 1
# name: TestPasswordResetSend.test_gadget_does_not_exist
  dict({
    'code': 'api.not_found',
    'errors': dict({
      'gadget': list([
        'nonexistent@example.com',
      ]),
    }),
    'message': 'Object Not Found',
    'success': False,
  })
# ---
# name: TestPasswordResetSend.test_success[email]
  dict({
    'message': 'Reset code sent',
    'success': True,
  })
# ---
# name: TestPasswordResetSend.test_success[phone]
  dict({
    'message': 'Reset code sent',
    'success': True,
  })
# ---
