# serializer version: 1
# name: TestPasswordResetCheck.test_invalid_code
  dict({
    'code': 'otp.invalid_code',
    'message': 'Bad Request',
    'success': False,
  })
# ---
# name: TestPasswordResetCheck.test_mock_otp
  dict({
    'message': 'Verification code is valid',
    'success': True,
  })
# ---
# name: TestPasswordResetCheck.test_no_code_in_cache
  dict({
    'code': 'otp.invalid_code',
    'message': 'Bad Request',
    'success': False,
  })
# ---
# name: TestPasswordResetCheck.test_success
  dict({
    'message': 'Verification code is valid',
    'success': True,
  })
# ---
